Script started on Tue 14 Mar 2017 01:55:58 PM EDT
ajs94@chomsky:~/CS214/projects/proj06$ car t ArrayProcessing.java
/* ArrayProcessing.java 
 *
 * Student Name: Aaron Santucci ajs94
 * Date: March 14, 2017
 *
 * Receive array size and values as input and print the values given
 *
 ***************************************************************/

import java.io.*;
import java.util.Scanner;

public class ArrayProcessing
{
  public static void main(String[] args) 
  {
	  Scanner keyboard = new Scanner(System.in);
      // prompt for the string
      System.out.println("\nEnter the size of the array: ");
	  
      int size = Integer.parseInt(keyboard.next());
	  double[] theArray = new double[size];
	  
	  theArray = readArray(theArray, theArray.length, keyboard);
	  printArray(theArray);
  }
  

  /* printArray() prints out a given array
   * receive: double[] theArray; an array of double to be printed
   ************************************************************/

	public static void printArray(double[] theArray)
	{
		for (int i=0; i < theArray.length; i++)
			System.out.print(theArray[i] + " ");
	}
  

  /* readArray() receives the values for a given array of a given size;
   * receive: 	theArray: an array of doubles
   *			size: an integer
   *			keyboard: Scanner keyboard for input
   * return: theArray now filled with input from user
   **************************************************************/
  
   public static double[] readArray(double theArray[], int size, Scanner keyboard)
   {
		System.out.println("\nEnter the values for the array: ");
	   
		for (int i=0; i < size; i++)
			theArray[i] = Double.parseDouble(keyboard.next());
	   
	   return theArray;
	   
   }

}

ajs94@chomsky:~/CS214/projects/proj06$ javac -deprecatioin ArrayProcessing.java
javac: invalid flag: -deprecatioin
Usage: javac <options> <source files>
use -help for a list of possible options
ajs94@chomsky:~/CS214/projects/proj06$ javac -deprecatioin ArrayProcessing.javai[1P
ajs94@chomsky:~/CS214/projects/proj06$ java Array  Processingjava    

Enter the size of the array: 
7

Enter the values for the array: 
1
2
3
4
5
6
7
1.0 2.0 3.0 4.0 5.0 6.0 7.0 ajs94@chomsky:~/CS214/projects/proj06$ java ArrayProcessing[Kjava ArrayProcessing[K
ajs94@chomsky:~/CS214/projects/proj06$ java ArrayProcessing

Enter the size of the array: 
4

Enter the values for the array: 
1
3
5
7
1.0 3.0 5.0 7.0 ajs94@chomsky:~/CS214/projects/proj06$ exit

Script done on Tue 14 Mar 2017 01:57:41 PM EDT
Script started on Tue 14 Mar 2017 04:15:01 PM EDT
ajs94@chomsky:~/CS214/projects/proj06$ cat array_processing.adb
-- average.adb Receive array size and values as input and print the values given
--
-- Completed by: Aaron Santucci ajs94
-- Date: March 14, 2017
-----------------------------------------------

with Ada.Text_IO, Ada.Float_Text_IO, Ada.Integer_Text_IO;
use Ada.Text_IO, Ada.Float_Text_IO, Ada.Integer_Text_IO;

procedure array_processing is

	type Vector is array ( Positive range <>) of Float;

	size : Integer := 0;

------------------------------------------------------------------
-- printArray() prints out a given array						--
-- receive: double anArray; an array of double to be printed --
------------------------------------------------------------------
procedure printArray ( anArray : in Vector) is
	begin
		for i in anArray'Range loop
			Put(anArray(i));
			Put(" ");
		end loop;
	end printArray;

--------------------------------------------------------------------------
-- readArray() receives the values for a given array of a given size;	--
-- receive: 	size: an integer										--
-- return: theArray now filled with input from user						--
--------------------------------------------------------------------------
function readArray (size : in Integer) return Vector is
	anArray : Vector(1 .. size);
	temp : Float := 0.0;
	begin
		put_line("Enter the value(s): ");
		for i in anArray'Range loop
			get(temp);
			anArray(i) := temp;
		end loop;
		return anArray;
	end readArray;


begin
	put_line("Enter the size of the array: ");
	get(size);
	printArray( readArray(size) );

end array_processing;

ajs94@chomsky:~/CS214/projects/proj06$ gant   natmake array_processing.adb    
gcc-5 -c array_processing.adb
gnatbind-5 -x array_processing.ali
gnatlink-5 array_processing.ali
ajs94@chomsky:~/CS214/projects/proj06$ exit

Script done on Tue 14 Mar 2017 04:15:32 PM EDT
Script started on Tue 14 Mar 2017 04:15:41 PM EDT
ajs94@chomsky:~/CS214/projects/proj06$ sc  cata  array processing             _processing          elisp.el
;;; array_elisp.el builds, reads in, and prints an array
;;;
;;; by Aaron Santucci ajs94
;;; Date: March 14, 2017
;;;;;;;;;;;;;;;;;;;;;;;;;;;;;;;;;;;;;;;;;;;;;;;;;;;;;;;

(defun printArray(anArray Size)\
  (if (>= size 0)
      (progn (princ(aref anArray size)) (readArray(anArray size-1)))
    nil)
  )
printArray


(defun readArray(anArray size)
  (princ "Enter the values of the array: ")
  (if (>= size 0)
      (progn (setq (aref anArray (size)) (read)) (readArray(anArray size-1)))
    nil)
  )
readArray


(defun main()
  (princ "Enter the size of the array: ")
  (setq size (read))
  (setq anArray (make-vector size : initial-element 0))
  (readArray(anArray size))
  )
main
ajs94@chomsky:~/CS214/projects/proj06$ exit

Script done on Tue 14 Mar 2017 04:16:08 PM EDT
Script started on Tue 14 Mar 2017 03:36:53 PM EDT
ajs94@chomsky:~/CS214/projects/proj06$ cat array_process.rb
# array_process.java creates an array and fill it with input 
#
# Student Name: Aaron Santucci ajs94
# Date: March 14, 2017
#
# Receive array size and values as input and print the values given
########################################################

###############################################
# printArray() prints out a given array
# receive: double anArray; an array of doubles to be printed
################################################
def printArray (anArray) 
  anArray.each { |x| print x," " }
end

# readArray() receives the values for a given array of a given size;
# receive: 	anArray: an array of doubles
#           size: an integer
# return: theArray now filled with input from user
################################################
def readArray (anArray, size)
  puts "Enter the values of the array: "
  for i in 0..size-1 do
    anArray[i] = gets.to_f
  end
  printArray(anArray)
end

def main
  puts "Enter the size of the array: "
  size = gets.to_i
  anArray = Array.new(size)
  readArray(anArray, size)
end

main

ajs94@chomsky:~/CS214/projects/proj06$ cat array_process.rbjava ArrayProcessingcat array_process.rb[Kruby array_process.rb
Enter the size of the array: 
7
Enter the values of the array: 
1
2
3
4
5
6
7
1.0 2.0 3.0 4.0 5.0 6.0 7.0 ajs94@chomsky:~/CS214/projects/proj06$ ruby array_process.rb
Enter the size of the array: 
5
Enter the values of the array: 
1
3
5
7
13
1.0 3.0 5.0 7.0 13.0 ajs94@chomsky:~/CS214/projects/proj06$ exit

Script done on Tue 14 Mar 2017 03:37:41 PM EDT
