Script started on Tue 07 Mar 2017 03:45:36 PM EST
ajs94@hopper:~/CS214/projects/proj05$ javac -deprecation Quar dratic.java
ajs94@hopper:~/CS214/projects/proj05$ java Quadrat            cat Quadratic.java\ 
/* Quadratic.java computes the quadriatic of a and b.
 * 
 * Completed by: Aaron Santucci ajs94
 * Date: March 7, 2017
 ***************************************************************/

import java.util.Scanner;

// java class Quadratic

public class Quadratic
{
	public static void main(String[] args)
	{
		Scanner keyboard = new Scanner(System.in);
		double a, b, c;

		// get inputs
		System.out.println("\nEnter the value for a: ");
		a = keyboard.nextDouble();
		System.out.println("\nEnter the value for b: ");
		b = keyboard.nextDouble();
		System.out.println("\nEnter the value for c: ");
		c = keyboard.nextDouble();
		
		double[] results = quadraticRoots(a,b,c);
		System.out.println("The roots for the quadratic equation of these are " + results[0] + " " + results [1] + "\n");
	}
	
	/* quadraticRoots computes the roots of the quadratic equation containing a, b, c
	 * pass by value
	 * parameters: the doubles a, b, c
	 * return: the double array containing the roots of the quadratic equation
	 */
	public static double[] quadraticRoots(double a, double b, double c)
	{
		double[] roots = new double[2];
		if( a != 0)
		{
			double arg = Math.pow(b, 2.0) - 4 * a * c;
			if ( arg >= 0)
			{
				roots[0] = (-b + Math.sqrt(arg))/(2*a);
				roots[1] = (-b - Math.sqrt(arg))/(2*a);
				return roots;
			}
			else 
			{
				System.out.println("***Error: quadraticRoots(): b^2 - 4ac is negative!");
				roots[0] = roots[1] = 0.0;
				return roots;
			}
		}
		else
		{
			System.out.println("***Error: quadraticRoots():: a is zero!");
			roots[0] = roots[1] = 0.0;
			return roots;
		}
	}
}ajs94@hopper:~/CS214/projects/proj05$ cat Quadratic.java[15@javac -deprecation Quadratic.java
ajs94@hopper:~/CS214/projects/proj05$ java Quadratic

Enter the value for a: 
5

Enter the value for b: 
10

Enter the value for c: 
2
The roots for the quadratic equation of these are -0.2254033307585166 -1.7745966692414832

ajs94@hopper:~/CS214/projects/proj05$ java Quadratic

Enter the value for a: 
4

Enter the value for b: 
5

Enter the value for c: 
1
The roots for the quadratic equation of these are -0.25 -1.0

ajs94@hopper:~/CS214/projects/proj05$ java Quadraticc -deprecation Quadratic.java[19P Quadratic

Enter the value for a: 
2

Enter the value for b: 
4

Enter the value for c: 
0
The roots for the quadratic equation of these are 0.0 -2.0

ajs94@hopper:~/CS214/projects/proj05$ exit

Script done on Tue 07 Mar 2017 03:46:53 PM EST
Script started on Tue 07 Mar 2017 03:47:01 PM EST
ajs94@hopper:~/CS214/projects/proj05$ gn  cat quadratic_roots.adb
-- quadratic_roots.adb computes the quadratic roots of a, b, c
--
-- By: Aaron Santucci ajs94
-- Date: March 7, 2017
--------------------------------------------------------------

with Ada.Text_IO, Ada.Float_Text_IO, Ada.Strings.Fixed, Ada.Numerics.Elementary_Functions;
use  Ada.Text_IO, Ada.Float_Text_IO, Ada.Strings.Fixed, Ada.Numerics.Elementary_Functions;

procedure quadratic_roots is

	a, b, c : Float;
	root1, root2 : Float;
	
	-- pass by reference
	procedure quadraticRoots(a, b, c: in Float; root1, root2: out Float) is
	arg : Float :=  b**2 - 4.0*a*c;
	begin
		root1 := (-b + Sqrt(arg)) / (2.0*a);
		root2 := (-b - Sqrt(arg)) / (2.0*a);
	end quadraticRoots;

begin

	Put("Enter the value for a: ");
	Get(a);
	Put("Enter the value for b: ");
	Get(b);
	Put("Enter the value for c: ");
	Get(c);
	
	quadraticRoots(a, b, c, root1, root2);
	
	Put("The roots of the equation are: ");
	Put(root1);
	Put(" ");
	Put(root2);
	
end quadratic_roots;
ajs94@hopper:~/CS214/projects/proj05$ ga natmake quadratic_roots
gcc-5 -c quadratic_roots.adb
gnatbind-5 -x quadratic_roots.ali
gnatlink-5 quadratic_roots.ali
ajs94@hopper:~/CS214/projects/proj05$ ./quadratic_roots.adb
bash: ./quadratic_roots.adb: Permission denied
ajs94@hopper:~/CS214/projects/proj05$ ./quadratic_roots.adb    
Enter the value for a: 5
Enter the value for b: 10
Enter the value for c: 2
The roots of the equation are: -2.25403E-01 -1.77460E+00
ajs94@hopper:~/CS214/projects/proj05$ ./quadratic_roots
Enter the value for a: 3 4
Enter the value for b: 5
Enter the value for c: 1
The roots of the equation are: -2.50000E-01 -1.00000E+00
ajs94@hopper:~/CS214/projects/proj05$ ./quadratic_roots
Enter the value for a: 2
Enter the value for b: 4
Enter the value for c: 0
The roots of the equation are:  0.00000E+00 -2.00000E+00
ajs94@hopper:~/CS214/projects/proj05$ exit

Script done on Tue 07 Mar 2017 03:48:34 PM EST
;;; quadract_elisp.el find the roots of a quadratic equation
;;;
;;; Input: reals a, b, c
;;; Output: the two roots of quadratic with a, b, c
;;;
;;; Completed by: Aaron Santucci ajs94
;;; Date: March 7, 2017
;;;;;;;;;;;;;;;;;;;;;;;;;;;;;;;;;;;;;;;;;;;;;;;;;;;;;;;

(defun quadraticRoots(a b c)
  (list (/ (+ (- 0 b) (sqrt (- (expt b 2) (* 4 a c)))) (* 2 a)) (/ (- (- 0 b) (sqrt (- (expt b 2) (* 4 a c)))) (* 2 a)))
  )
quadraticRoots



(defun main(a b c)
  (interactive "Enter the value for a: \nEnter the value for b: \nEnter the value for c: ")
  (setq result (quadraticRoots(a b c)))
  (setq root1 (elt result 0))
  (setq root2 (elt result 1))
  (message "The roots of this equation are %s and %s" root1 root2)
  )
main





;;; Testing...

(quadraticRoots 5 10 2)
(-0.2254033307585166 -1.7745966692414832)

(quadraticRoots 4 5 1)
(-0.25 -1.0)

(quadraticRoots 2 4 0)
(0.0 -2.0)





Script started on Tue 07 Mar 2017 03:48:43 PM EST
ajs94@hopper:~/CS214/projects/proj05$ cat quadratic_root.rb
# quadratic_root.rb computes the quadratic roots of a, b, c
#
# Input: Double a, b, c
# Output: The two roots of the quadratic equation
#
# Completed by: Aaron Santucci ajs94
# Date: March 7, 2017
#################################################################

def quadraticRoots(a, b, c) 
  arg = (b**2) - (4*a*c)
  roots = [ ((-b + Math.sqrt(arg))/(2*a)), ((-b - Math.sqrt(arg))/(2*a)) ]
end

def main
  print "Enter the value for a: "
  a = gets.to_f
  print "Enter the value for b: "
  b = gets.to_f
  print "Enter the value for c: "
  c = gets.to_f
  
  roots = quadraticRoots(a, b, c)
  
  puts "The roots are " << roots[0].to_s
  puts " and " << roots[1].to_s
end

mainajs94@hopper:~/CS214/projects/proj05$ ruby quadrac tic_root.rb
Enter the value for a: 5
Enter the value for b: 10
Enter the value for c: 2
The roots are -0.2254033307585166
 and -1.7745966692414832
ajs94@hopper:~/CS214/projects/proj05$ ruby quadratic_root.rb
Enter the value for a: 4
Enter the value for b: 5
Enter the value for c: 1
The roots are -0.25
 and -1.0
ajs94@hopper:~/CS214/projects/proj05$ ruby quadratic_root.rb
Enter the value for a: 2
Enter the value for b: 4
Enter the value for c: 0
The roots are 0.0
 and -2.0
ajs94@hopper:~/CS214/projects/proj05$ exit

Script done on Tue 07 Mar 2017 03:49:17 PM EST
