Script started on Fri 05 May 2017 03:12:08 PM EDT
ajs94@dijkstra:~/CS214/labs/lab11/java$ catThrea      ThreadedArraySum.java
/* ThreadedArraySum.java sums the integers in a file using an array.
 *
 * Usage: java -Xint ThreadedArraySum <fileName>
 *
 * Input: the name of the input file
 *         (entered on the command-line).
 * Precondition: the first line of the file is the number
 *                of (other) numbers in the file.
 * Output: the sum of the other numbers in the file
 *          and how long it took to compute that sum.
 *
 * Begun by: Prof. Adams for CS 214 at Calvin College.
 * Completed by: Aaron Santucci
 * Date: May 5, 2017
 */

import java.util.Scanner;                   // convenient I/O
import java.io.File;                        // file I/O
import java.io.FileNotFoundException;       // file exception
import java.lang.System;                    // nanoTime()

public class ThreadedArraySum {

  public static void main(String [] args) {
     ThreadedArraySum me = new ThreadedArraySum(args);
     me.run();
  }

  /* constructor
   * @param: args, an array of Strings
   * Precondition: args.length == 1 &&
   *                args[0] is the name of an input file
   *                 whose first line is N, an integer
   *                 followed by a blank line
   *                 followed by N integers, one per line.
   * Postcondition: myScanner is a Scanner for that input file
   *             && myArray is an array containing the N ints.
   */
  public ThreadedArraySum(String [] args) {
     if (args.length < 1) {
        System.err.println("\n*** Usage: java Sum <fileName> <ThreadNumbers\n");
        System.exit(1);
     }
     Scanner aScanner = openScanner( args[0] ); // open input file
     myArray = readFile(aScanner);              // fill array with values
	  myNumThreads = getNumThreads(args);
  }


  /* utility to open / return a Scanner to a file 
   *   whose name comes from the command-line.
   * 
   * @param: fileName, a String
   * Precondition: fileName is the name of an input file.
   * Return: a Scanner for that input file.
   */
  private Scanner openScanner(String fileName) {
     Scanner in = null;
     try {
        File theFile = new File ( fileName );
        in = new Scanner( theFile );
     } catch ( FileNotFoundException  fnfe ) {
        System.err.println("\n*** Unable to open '" + fileName + "'\n");
        System.exit(1);
     }

     return in;
  }

  /* fill an array with values from a Scanner
   * @param: in, a Scanner to an input file.
   * Precondition: the first line of the input file is N,
   *                the number of (other) numbers in the file.
   * Postcondition: the N int values have been read
   *                 from 'in' and stored in an array.
   * Return: the array containing the N int values.
   */
  private int[] readFile(Scanner in) {
     int numNumbers = in.nextInt();           // read how many numbers
     int [] array = new int[numNumbers];      // allocate array
     for (int i = 0; i < array.length; i++) { // fill array
        array[i] = in.nextInt();              //   with numbers
     }
     in.close();                              // close input file
     return array;                            // we're done
  }

  /* how long does it take to process the values in myArray?
   * Precondition: myArray has been filled with N input values.
   * Output: the sum of the values in myArray
   *          and how long it took to compute that sum.
   */
  public void run() {
     long startTime = System.nanoTime();             // start timing
     long sum = sumArray();                    // sum the values
     long totalTime = System.nanoTime() - startTime; // stop timing
     
     System.out.println("\nThe sum of the " + myArray.length
                         + " numbers is: " + sum 
                         + "\n and summing them took " 
                         + totalTime + " time units.");
	  System.out.println("Threads " + myNumThreads + "\n");
  }

  /* sum the values in an array
   * @param: arr, an array of integers
   * Return: the sum of the int values in arr.
   */
 private long sumArray() { 
	 Helper[] helpers = new Helper[myNumThreads];

     for (int i = 1; i < myNumThreads; ++i) {    	 // for each helper:
        helpers[i] = new Helper(i);                  //  create, and
        helpers[i].start();                          //  launch them
     }

     long sum = sumSlice(0);                         // main thread does slice 0

     try {
        for (int i = 1; i < myNumThreads; ++i) {	 // for each helper h:
           helpers[i].join();                        //  wait for h to finish
           sum += helpers[i].getPartialSum();        //  get its partial sum
        }
     } catch( InterruptedException ie) {             // required by join()
        System.err.println("\n*** a Helper was interrupted!\n");
        System.err.println(ie);
        System.exit(1);
     }

     return sum;
  }
	
	private final int getNumThreads( String [] args ) {
     if (args.length >= 2) {
        return Integer.parseInt( args[1] );
     } else {
        return 1;
     }
  }
		 

	private long sumSlice(int id) {
		int sliceSize = myArray.length / myNumThreads;
        int start = id * sliceSize;				// starting index
        int stop = (id+1) * sliceSize;      	// stopping index
        if ( id == myNumThreads-1 ) {			// have final thread
            stop = myArray.length;				//  handle leftovers
        } 
        long sliceSum = 0;
        for (int i = start; i < stop; ++i) {	// sum the ints
            sliceSum += myArray[i];				//  in my slice
        }
        return sliceSum;
	}
	
  private int [] myArray = null;
  private int myNumThreads = 1;



	private class Helper extends Thread {

		public Helper(int id) {
			super();
			myID = id;
			myPartialSum = 0;
		}

		public void run() {
			myPartialSum = sumSlice(myID);
		}
		public final long getPartialSum() {
			return myPartialSum;
		}
		private int  myID = 0;
		private long myPartialSum = 0;
	} 	// Helper

}


ajs94@dijkstra:~/CS214/labs/lab11/java$ javac c -deprecation ThreadedAra raySum.java
ajs94@dijkstra:~/CS214/labs/lab11/java$ java Threaded  ArraySum ../numbers.1000[1P[1@/1000000numbers.txt 1

The sum of the 1000000 numbers is: 50473230
 and summing them took 4751664 time units.
Threads 1

ajs94@dijkstra:~/CS214/labs/lab11/java$ java ThreadedArraySum ../numbers/1000000numbers.txt 1 4

The sum of the 1000000 numbers is: 50473230
 and summing them took 8119587 time units.
Threads 4

ajs94@dijkstra:~/CS214/labs/lab11/java$ [Kajs94@dijkstra:~/CS214/labs/lab11/java$ exit

Script done on Fri 05 May 2017 03:14:17 PM EDT
Script started on Mon 08 May 2017 03:03:02 PM EDT
ajs94@aiken:~/CS214/labs/lab11/ada$ cat task e ked_array_sum.adb
-- array_sum.adb sums the values from an input file using an array.
--
-- Begun by: Prof. Adams, for CS 214 at Calvin College.
-- Completed by: Aaron Santucci
-- Date: May 8, 2017
--
-- Usage: array_sum <inFileName>
-------------------------------------------------------------------

with Ada.Text_IO,            -- string output
     Ada.Integer_Text_IO,    -- integer output
     Ada.Command_Line,       -- Argument()
     Ada.Real_Time;          -- Clock, Time, etc.

use  Ada.Text_IO, Ada.Integer_Text_IO, Ada.Real_Time;

procedure Tasked_Array_Sum is

   package Long_IO is new Integer_IO(Long_Integer); use Long_IO;

   type Int_Array is array (Integer range <>) of Long_Integer;
   type Int_Array_Pointer is access Int_Array;

   Values: Int_Array_Pointer;
   Total:  Long_Integer;
   Start_Time, Stop_Time:  Ada.Real_Time.Time;
   Time_Required: Duration;
   
   task type Array_Adder_Task is 
      entry sum(ID, Slice_Size: in Integer);
      entry report(Result: out Long_Integer);
   end;
   
      function Sum_Slice(V: in Int_Array_Pointer;
                        Start, Stop: in Integer) 
                        return Long_Integer is
      Partial_Sum: Long_Integer := 0;
   begin
         for i in Start..Stop loop
            Partial_Sum := Partial_Sum + V(i);
         end loop;
         return Partial_Sum;
   end Sum_Slice;
   
   task body Array_Adder_Task is
      My_Total : Long_Integer := 0;
      My_Start_Index, My_Stop_Index : Integer;
   begin
         accept sum(ID, Slice_Size: in Integer) do
            My_Start_Index := ID * Slice_Size;
            My_Stop_Index := My_Start_Index + Slice_Size - 1;
         end; 

         My_Total := Sum_Slice(Values, 
                                My_Start_Index,
                                My_Stop_Index);

         accept report(Result: out Long_Integer) do
            Result := My_Total;
         end; 
   end Array_Adder_Task;
   
   --
   -- check for command-line arguments
   --
   procedure Check_Command_Line is
   begin
      if Ada.Command_Line.Argument_Count /= 2 then
         New_line;
         Put("Usage: array_sum <inFileName><numTasks>");
         New_line; New_line;
         Ada.Command_Line.Set_Exit_Status(1);
      end if;
   end Check_Command_Line;

   -- fill array with values from an input file
   -- Parameters: File_Name, a String
   --             V, a pointer to a dynamic array
   -- Precondition: File_Name is the name of a valid input file
   --            && its first line is the N, the number of
   --                (other) numbers in the file.
   -- Postcondition: V points to a dynamic array of length N
   --                 containing the N items from the input file.
   --
   procedure Read_File(File_Name: in String; V: in out Int_Array_Pointer) is
      Size:   Integer;
      Number_File : File_Type;
   begin
     Open(File => Number_File,
            Mode => In_File,
            Name => File_Name); 
      Get(Number_File, Size);
      V := new Int_Array(0..Size-1);
      for i in V'Range loop
         Get(Number_File, V(i));
      end loop;
   end Read_File;

   -- Sum adds up the values in an array
   -- 
   -- Parameter: V, a pointer to an array of ints
   -- Return: the sum of the int values in V.
   --
   function Sum(V: in Int_Array_Pointer) return Long_Integer is
      result: Long_Integer := 0;
   begin
      for i in V'Range loop
         result := result + V(i) ;
      end loop;
      return result;
   end sum;
   
   function Sum_In_Parallel(Values: in Int_Array_Pointer;
                            Num_Tasks: in Integer) return Long_Integer is
      Partial_Result, Result: Long_Integer := 0;
      Leftovers, Slice_Size, Start, Stop : Integer;

      type Task_Array is array(Integer range <>) of Array_Adder_Task;
      type Task_Array_Ptr is access Task_Array;
      Adder_Tasks : Task_Array_Ptr;

   begin
      Slice_Size := Values'Length / Num_Tasks;
      Adder_Tasks := new Task_Array(1..Num_Tasks-1);

      for task_ID in 1..NUM_TASKS-1 loop
         Adder_Tasks(task_ID).sum(task_ID, Slice_Size);
      end loop;

      Result := Sum_Slice(Values, 0, Slice_Size-1);

      Leftovers := Values'Length REM Num_Tasks;

      if ( Leftovers > 0 ) then
         Start := Values'Length - Leftovers;
         Stop := Values'Length - 1;
         for i in Start..Stop loop
            Result := Result + Values(i);
         end loop;
      end if;

      for task_ID in 1..Num_Tasks-1 loop
         Adder_Tasks(task_ID).report(Partial_Result);
         Result := Result + Partial_Result;
      end loop;

      return Result;
   end Sum_In_Parallel;

   -- Output results
   -- Parameter: Result, the sum of the array's values
   --            Compute_Time, how long it took to sum them.
   -- Postcondition: Result and Compute_Time have been
   --                 displayed on the console.
   --
   procedure Display(Result: in Long_Integer; Compute_Time: in Duration) is
   begin
      New_line;
      Put("The sum is ");
      Put(Result);
      New_line;
      Put(" and computing it took "); 
      Put(Duration'Image (Compute_Time));
      Put(" secs.");
      New_line; New_line;
   end Display;


begin
   Check_Command_Line;
   Read_File( Ada.Command_Line.Argument(1), Values );
   Start_Time := Clock;
   Total := Sum_In_Parallel(Values,
                                Integer'Value( Ada.Command_Line.Argument(2) ) );
   Stop_Time := Clock;
   Time_Required := Ada.Real_Time.To_Duration(Stop_Time - Start_Time);
   Display(Total, Time_Required);
end Tasked_Array_Sum;

ajs94@aiken:~/CS214/labs/lab11/ada$ gnake  tmake tasked_arrayy_sum
gnatmake: "tasked_arrayy_sum" not found
ajs94@aiken:~/CS214/labs/lab11/ada$ gnatmake tasked_arrayy_sum.adb
gnatmake: "tasked_arrayy_sum.adb" not found
ajs94@aiken:~/CS214/labs/lab11/ada$ gnatmake tasked_arrayy_sum.adb[1P
gnatmake: "tasked_array_sum" up to date.
ajs94@aiken:~/CS214/labs/lab11/ada$ exit

Script done on Mon 08 May 2017 03:03:43 PM EDT
Script started on Mon 08 May 2017 03:37:45 PM EDT
ajs94@aiken:~/CS214/labs/lab11/ruby$ cat threaded_array_ _sum.rb
# array_sum.rb sums the values in an array
#
# Begun by: Prof. Adams, for CS 214 at Calvin College.
# Completed by: Aaron Santucci
# Date: May 8, 2017
#
# Usage: ruby array_sum.rb <inFileName>
######################################################

# make certain the input file was specified on the command-line
def checkCommandLine
  if ARGV.length != 2
     puts "\nUsage: sum <fileName><numThreads>\n\n"
     exit(1)
  end
end

# return: an array containing the values from the file
#  whose name was specified on the command-line
def readFile
   strArray = IO.readlines( ARGV[0] )
   intArray = Array.new( Integer(strArray[0]) )
   for i in 2..strArray.size
      if  !strArray[i].nil?
         intArray[i-2] = Integer( strArray[i].chomp )
      end
   end
   intArray 
end

def sumSlice(values, id, sliceSize)
  start = id * sliceSize
  stop = start + sliceSize - 1
  myTotal = 0
  for i in start..stop
    myTotal += values[i]
  end
  myTotal  
end

# Return: the sum of the values 
def sum(values)
   result = 0
   values.each{ |number| result += number }
   result
end

# Parallel sum function
def sumInParallel(values, numThreads)
  sliceSize = values.size / numThreads
  threadArray = Array.new( numThreads )
      result = 0
  lock = Mutex.new
  
  (1..numThreads-1).each do | i |
    threadArray[i] = Thread.new { 
      myTotal = sumSlice(values, 
        i,
        sliceSize) 
      lock.synchronize {
        result += myTotal
        }
      }      
  end

  myTotal  = sumSlice(values, 0, sliceSize)
  leftovers = values.size % numThreads
  if leftovers > 0
    for i in values.size-leftovers..values.size-1
      myTotal += values[i]
    end    
  end

  lock.synchronize {
    result += myTotal
    }  
  for i in 1..numThreads-1
    threadArray[i].join  
  end      
  result   
end

def main
   checkCommandLine
   values = readFile
   startTime = Time.now
   total = sumInParallel(values, Integer( ARGV[1] ) )
   endTime = Time.now
   interval = (endTime - startTime).to_f
   puts "\nThe sum is #{total}\n"
   printf(" and computing it took %.9f seconds.\n\n", interval)
end

main

ajs94@aiken:~/CS214/labs/lab11/ruby$ cat threaded_array_sum.rbruby threaded_array_sum.rb /home/cs/214/labss/11/numbers/1000000numbers.txt 4

The sum is 50473230
 and computing it took 0.043405133 seconds.

ajs94@aiken:~/CS214/labs/lab11/ruby$ ruby threaded_array_sum.rb /home/cs/214/labss/11/numbers/1000000numbers.txt 4[Aby$ [18Pcat threaded_array_sum.r
[K[Aajs94@aiken:~/CS214/labs/lab11/ruby$ cat threaded_array_sum.rbruby threaded_array_sum.rb /home/cs/214/labss/11/numbers/1000000numbers.txt 41

The sum is 50473230
 and computing it took 0.041732831 seconds.

ajs94@aiken:~/CS214/labs/lab11/ruby$ exit

Script done on Mon 08 May 2017 03:38:08 PM EDT
